---
source: tests/pool.rs
expression: image_to_png_bytes(&result)
extension: png
snapshot_kind: binary
---
